[1/22] C:\msys64\ucrt64\bin\cc.exe  -I"C:/Inbox/Git Repos/dominium/include" -g -std=c90 -MD -MT source/domino/CMakeFiles/domino_core.dir/tui/tui.c.obj -MF source\domino\CMakeFiles\domino_core.dir\tui\tui.c.obj.d -o source/domino/CMakeFiles/domino_core.dir/tui/tui.c.obj -c "C:/Inbox/Git Repos/dominium/source/domino/tui/tui.c"
FAILED: [code=1] source/domino/CMakeFiles/domino_core.dir/tui/tui.c.obj 
C:\msys64\ucrt64\bin\cc.exe  -I"C:/Inbox/Git Repos/dominium/include" -g -std=c90 -MD -MT source/domino/CMakeFiles/domino_core.dir/tui/tui.c.obj -MF source\domino\CMakeFiles\domino_core.dir\tui\tui.c.obj.d -o source/domino/CMakeFiles/domino_core.dir/tui/tui.c.obj -c "C:/Inbox/Git Repos/dominium/source/domino/tui/tui.c"
[2/22] C:\msys64\ucrt64\bin\cc.exe  -I"C:/Inbox/Git Repos/dominium/include" -g -std=c90 -MD -MT source/domino/CMakeFiles/domino_core.dir/gui/gui.c.obj -MF source\domino\CMakeFiles\domino_core.dir\gui\gui.c.obj.d -o source/domino/CMakeFiles/domino_core.dir/gui/gui.c.obj -c "C:/Inbox/Git Repos/dominium/source/domino/gui/gui.c"
FAILED: [code=1] source/domino/CMakeFiles/domino_core.dir/gui/gui.c.obj 
C:\msys64\ucrt64\bin\cc.exe  -I"C:/Inbox/Git Repos/dominium/include" -g -std=c90 -MD -MT source/domino/CMakeFiles/domino_core.dir/gui/gui.c.obj -MF source\domino\CMakeFiles\domino_core.dir\gui\gui.c.obj.d -o source/domino/CMakeFiles/domino_core.dir/gui/gui.c.obj -c "C:/Inbox/Git Repos/dominium/source/domino/gui/gui.c"
[3/22] C:\msys64\ucrt64\bin\cc.exe  -I"C:/Inbox/Git Repos/dominium/include" -g -std=c90 -MD -MT source/domino/CMakeFiles/domino_core.dir/render/pipeline.c.obj -MF source\domino\CMakeFiles\domino_core.dir\render\pipeline.c.obj.d -o source/domino/CMakeFiles/domino_core.dir/render/pipeline.c.obj -c "C:/Inbox/Git Repos/dominium/source/domino/render/pipeline.c"
FAILED: [code=1] source/domino/CMakeFiles/domino_core.dir/render/pipeline.c.obj 
C:\msys64\ucrt64\bin\cc.exe  -I"C:/Inbox/Git Repos/dominium/include" -g -std=c90 -MD -MT source/domino/CMakeFiles/domino_core.dir/render/pipeline.c.obj -MF source\domino\CMakeFiles\domino_core.dir\render\pipeline.c.obj.d -o source/domino/CMakeFiles/domino_core.dir/render/pipeline.c.obj -c "C:/Inbox/Git Repos/dominium/source/domino/render/pipeline.c"
[4/22] C:\msys64\ucrt64\bin\cc.exe  -I"C:/Inbox/Git Repos/dominium/include" -g -std=c90 -MD -MT source/domino/CMakeFiles/domino_core.dir/render/gui_prim.c.obj -MF source\domino\CMakeFiles\domino_core.dir\render\gui_prim.c.obj.d -o source/domino/CMakeFiles/domino_core.dir/render/gui_prim.c.obj -c "C:/Inbox/Git Repos/dominium/source/domino/render/gui_prim.c"
FAILED: [code=1] source/domino/CMakeFiles/domino_core.dir/render/gui_prim.c.obj 
C:\msys64\ucrt64\bin\cc.exe  -I"C:/Inbox/Git Repos/dominium/include" -g -std=c90 -MD -MT source/domino/CMakeFiles/domino_core.dir/render/gui_prim.c.obj -MF source\domino\CMakeFiles\domino_core.dir\render\gui_prim.c.obj.d -o source/domino/CMakeFiles/domino_core.dir/render/gui_prim.c.obj -c "C:/Inbox/Git Repos/dominium/source/domino/render/gui_prim.c"
[5/22] C:\msys64\ucrt64\bin\cc.exe  -I"C:/Inbox/Git Repos/dominium/include" -g -std=c90 -MD -MT source/domino/CMakeFiles/domino_core.dir/render/soft/soft_raster.c.obj -MF source\domino\CMakeFiles\domino_core.dir\render\soft\soft_raster.c.obj.d -o source/domino/CMakeFiles/domino_core.dir/render/soft/soft_raster.c.obj -c "C:/Inbox/Git Repos/dominium/source/domino/render/soft/soft_raster.c"
FAILED: [code=1] source/domino/CMakeFiles/domino_core.dir/render/soft/soft_raster.c.obj 
C:\msys64\ucrt64\bin\cc.exe  -I"C:/Inbox/Git Repos/dominium/include" -g -std=c90 -MD -MT source/domino/CMakeFiles/domino_core.dir/render/soft/soft_raster.c.obj -MF source\domino\CMakeFiles\domino_core.dir\render\soft\soft_raster.c.obj.d -o source/domino/CMakeFiles/domino_core.dir/render/soft/soft_raster.c.obj -c "C:/Inbox/Git Repos/dominium/source/domino/render/soft/soft_raster.c"
[6/22] C:\msys64\ucrt64\bin\cc.exe  -I"C:/Inbox/Git Repos/dominium/include" -g -std=c90 -MD -MT source/domino/CMakeFiles/domino_core.dir/input/input.c.obj -MF source\domino\CMakeFiles\domino_core.dir\input\input.c.obj.d -o source/domino/CMakeFiles/domino_core.dir/input/input.c.obj -c "C:/Inbox/Git Repos/dominium/source/domino/input/input.c"
FAILED: [code=1] source/domino/CMakeFiles/domino_core.dir/input/input.c.obj 
C:\msys64\ucrt64\bin\cc.exe  -I"C:/Inbox/Git Repos/dominium/include" -g -std=c90 -MD -MT source/domino/CMakeFiles/domino_core.dir/input/input.c.obj -MF source\domino\CMakeFiles\domino_core.dir\input\input.c.obj.d -o source/domino/CMakeFiles/domino_core.dir/input/input.c.obj -c "C:/Inbox/Git Repos/dominium/source/domino/input/input.c"
[7/22] C:\msys64\ucrt64\bin\cc.exe  -I"C:/Inbox/Git Repos/dominium/include" -g -std=c90 -MD -MT source/domino/CMakeFiles/domino_core.dir/system/dsys_stub.c.obj -MF source\domino\CMakeFiles\domino_core.dir\system\dsys_stub.c.obj.d -o source/domino/CMakeFiles/domino_core.dir/system/dsys_stub.c.obj -c "C:/Inbox/Git Repos/dominium/source/domino/system/dsys_stub.c"
FAILED: [code=1] source/domino/CMakeFiles/domino_core.dir/system/dsys_stub.c.obj 
C:\msys64\ucrt64\bin\cc.exe  -I"C:/Inbox/Git Repos/dominium/include" -g -std=c90 -MD -MT source/domino/CMakeFiles/domino_core.dir/system/dsys_stub.c.obj -MF source\domino\CMakeFiles\domino_core.dir\system\dsys_stub.c.obj.d -o source/domino/CMakeFiles/domino_core.dir/system/dsys_stub.c.obj -c "C:/Inbox/Git Repos/dominium/source/domino/system/dsys_stub.c"
[8/22] C:\msys64\ucrt64\bin\cc.exe  -I"C:/Inbox/Git Repos/dominium/include" -g -std=c90 -MD -MT source/domino/CMakeFiles/domino_core.dir/input/ime.c.obj -MF source\domino\CMakeFiles\domino_core.dir\input\ime.c.obj.d -o source/domino/CMakeFiles/domino_core.dir/input/ime.c.obj -c "C:/Inbox/Git Repos/dominium/source/domino/input/ime.c"
FAILED: [code=1] source/domino/CMakeFiles/domino_core.dir/input/ime.c.obj 
C:\msys64\ucrt64\bin\cc.exe  -I"C:/Inbox/Git Repos/dominium/include" -g -std=c90 -MD -MT source/domino/CMakeFiles/domino_core.dir/input/ime.c.obj -MF source\domino\CMakeFiles\domino_core.dir\input\ime.c.obj.d -o source/domino/CMakeFiles/domino_core.dir/input/ime.c.obj -c "C:/Inbox/Git Repos/dominium/source/domino/input/ime.c"
[9/22] C:\msys64\ucrt64\bin\cc.exe  -I"C:/Inbox/Git Repos/dominium/include" -g -std=c90 -MD -MT source/domino/CMakeFiles/domino_core.dir/system/dsys_term.c.obj -MF source\domino\CMakeFiles\domino_core.dir\system\dsys_term.c.obj.d -o source/domino/CMakeFiles/domino_core.dir/system/dsys_term.c.obj -c "C:/Inbox/Git Repos/dominium/source/domino/system/dsys_term.c"
FAILED: [code=1] source/domino/CMakeFiles/domino_core.dir/system/dsys_term.c.obj 
C:\msys64\ucrt64\bin\cc.exe  -I"C:/Inbox/Git Repos/dominium/include" -g -std=c90 -MD -MT source/domino/CMakeFiles/domino_core.dir/system/dsys_term.c.obj -MF source\domino\CMakeFiles\domino_core.dir\system\dsys_term.c.obj.d -o source/domino/CMakeFiles/domino_core.dir/system/dsys_term.c.obj -c "C:/Inbox/Git Repos/dominium/source/domino/system/dsys_term.c"
[10/22] C:\msys64\ucrt64\bin\cc.exe  -I"C:/Inbox/Git Repos/dominium/include" -g -std=c90 -MD -MT source/domino/CMakeFiles/domino_core.dir/system/dsys_proc_winnt.c.obj -MF source\domino\CMakeFiles\domino_core.dir\system\dsys_proc_winnt.c.obj.d -o source/domino/CMakeFiles/domino_core.dir/system/dsys_proc_winnt.c.obj -c "C:/Inbox/Git Repos/dominium/source/domino/system/dsys_proc_winnt.c"
FAILED: [code=1] source/domino/CMakeFiles/domino_core.dir/system/dsys_proc_winnt.c.obj 
C:\msys64\ucrt64\bin\cc.exe  -I"C:/Inbox/Git Repos/dominium/include" -g -std=c90 -MD -MT source/domino/CMakeFiles/domino_core.dir/system/dsys_proc_winnt.c.obj -MF source\domino\CMakeFiles\domino_core.dir\system\dsys_proc_winnt.c.obj.d -o source/domino/CMakeFiles/domino_core.dir/system/dsys_proc_winnt.c.obj -c "C:/Inbox/Git Repos/dominium/source/domino/system/dsys_proc_winnt.c"
ninja: build stopped: subcommand failed.
